// Jest Snapshot v1, https://goo.gl/fbAQLP

exports[`AccountInfo should match snapshot 1`] = `
ShallowWrapper {
  Symbol(enzyme.__root__): [Circular],
  Symbol(enzyme.__unrendered__): <AccountInfo
    balance={500}
    iban="123456789"
    name="Jack Torrance"
/>,
  Symbol(enzyme.__renderer__): Object {
    "batchedUpdates": [Function],
    "getNode": [Function],
    "render": [Function],
    "simulateError": [Function],
    "simulateEvent": [Function],
    "unmount": [Function],
  },
  Symbol(enzyme.__node__): Object {
    "instance": null,
    "key": undefined,
    "nodeType": "class",
    "props": Object {
      "children": Array [
        <h1>
          Jack Torrance
</h1>,
        <h3>
          iban: 
          123456789
</h3>,
        <h3>
          balance: 
          500
</h3>,
      ],
    },
    "ref": null,
    "rendered": Array [
      Object {
        "instance": null,
        "key": undefined,
        "nodeType": "host",
        "props": Object {
          "children": "Jack Torrance",
        },
        "ref": null,
        "rendered": "Jack Torrance",
        "type": "h1",
      },
      Object {
        "instance": null,
        "key": undefined,
        "nodeType": "host",
        "props": Object {
          "children": Array [
            "iban: ",
            "123456789",
          ],
        },
        "ref": null,
        "rendered": Array [
          "iban: ",
          "123456789",
        ],
        "type": "h3",
      },
      Object {
        "instance": null,
        "key": undefined,
        "nodeType": "host",
        "props": Object {
          "children": Array [
            "balance: ",
            500,
          ],
        },
        "ref": null,
        "rendered": Array [
          "balance: ",
          500,
        ],
        "type": "h3",
      },
    ],
    "type": [Function],
  },
  Symbol(enzyme.__nodes__): Array [
    Object {
      "instance": null,
      "key": undefined,
      "nodeType": "class",
      "props": Object {
        "children": Array [
          <h1>
            Jack Torrance
</h1>,
          <h3>
            iban: 
            123456789
</h3>,
          <h3>
            balance: 
            500
</h3>,
        ],
      },
      "ref": null,
      "rendered": Array [
        Object {
          "instance": null,
          "key": undefined,
          "nodeType": "host",
          "props": Object {
            "children": "Jack Torrance",
          },
          "ref": null,
          "rendered": "Jack Torrance",
          "type": "h1",
        },
        Object {
          "instance": null,
          "key": undefined,
          "nodeType": "host",
          "props": Object {
            "children": Array [
              "iban: ",
              "123456789",
            ],
          },
          "ref": null,
          "rendered": Array [
            "iban: ",
            "123456789",
          ],
          "type": "h3",
        },
        Object {
          "instance": null,
          "key": undefined,
          "nodeType": "host",
          "props": Object {
            "children": Array [
              "balance: ",
              500,
            ],
          },
          "ref": null,
          "rendered": Array [
            "balance: ",
            500,
          ],
          "type": "h3",
        },
      ],
      "type": [Function],
    },
  ],
  Symbol(enzyme.__options__): Object {
    "adapter": ReactSixteenAdapter {
      "options": Object {
        "enableComponentDidUpdateOnSetState": true,
        "lifecycles": Object {
          "componentDidUpdate": Object {
            "onSetState": true,
          },
          "getDerivedStateFromProps": true,
          "getSnapshotBeforeUpdate": true,
          "setState": Object {
            "skipsComponentDidUpdateOnNullish": true,
          },
        },
      },
    },
  },
}
`;
